=== data.gov.au CKAN API ===
status=404 time=0.823442s
<!DOCTYPE html>
<html lang="en" dir="ltr">
  <head>
    <meta charset="utf-8" />
<script>(function(w,d,s,l,i){w[l]=w[l]||[];w[l].push({'gtm.start':
new Date().getTime(),event:'gtm.js'});var f=d.getElementsByTagName(s)[0],
j=d.createElement(s),dl=l!='dataLayer'?'&amp;l='+l:'';j.async=true;j.src=
'https://www.googletagmanager.com/gtm.js?id='+i+dl;f.parentNode.insertBefore(j,f);
})(window,document,'script','dataLayer','GTM-TKL39FN4');
</script>
<meta name="Generator" content="Drupal 11 (https://www.drupal.org)" />
<meta name="MobileOptimized" content="width" />
<meta name="HandheldFriendly" content="true" />
<meta name="viewport" content="width=device-width, initial-scale=1, shrink-to-fit=no" />
<meta http-equiv="x-ua-compatible" content="ie=edge" />
<link rel="icon" href="/themes/custom/dga/favicon.ico" type="image/vnd.microsoft.icon" />
<link rel="canonical" href="https://data.gov.au/404" />
<link rel="shortlink" href="https://data.gov.au/node/27" />

    <title>404 Page Not Found | Data.gov.au</title>
    <link rel="stylesheet" media="all" href="/sites/default/files/css/css_I1Y0RP-6POZfaDZdzXOtYRMoHFlIh2H84aER9FDpi4c.css?delta=0&amp;language=en&amp;theme=dga&amp;include=eJyNi0sOwyAMBS8E4UjIgEuR_ImwaZXbV82mUrrJZhZv5hVVN5-w5wJzDk0PnRzKdWU0g46WafSn_3vRhqHqxFSVdxUUt-1axcgo62aWq9Jisbs5w5DQOqROWoCi-UFDejjl7zOqSvrCgh3myKmAYXgNfFs6ubG2RfgBhsZvFg" />
<link rel="stylesheet" media="all" href="//cdn.jsdelivr.net/npm/bootstrap-icons/font/bootstrap-icons.min.css" crossorigin="anonymous" />
=== UN Comtrade API (legacy, AU->KR 소고기 HS0201 2024) ===
status=200 time=0.938676s
{"elapsedTime":"0.25 secs","count":2,"data":[{"typeCode":"C","freqCode":"M","refPeriodId":20240101,"refYear":2024,"refMonth":1,"period":"202401","reporterCode":36,"reporterISO":null,"reporterDesc":null,"flowCode":"X","flowDesc":null,"partnerCode":410,"partnerISO":null,"partnerDesc":null,"partner2Code":0,"partner2ISO":null,"partner2Desc":null,"classificationCode":"H6","classificationSearchCode":"HS","isOriginalClassification":true,"cmdCode":"0201","cmdDesc":null,"aggrLevel":null,"isLeaf":null,"customsCode":"C00","customsDesc":null,"mosCode":"0","motCode":0,"motDesc":null,"qtyUnitCode":8,"qtyUnitAbbr":null,"qty":2063353.13,"isQtyEstimated":false,"altQtyUnitCode":8,"altQtyUnitAbbr":null,"altQty":2063353.13,"isAltQtyEstimated":false,"netWgt":2063353.13,"isNetWgtEstimated":false,"grossWgt":2159.851,"isGrossWgtEstimated":false,"cifvalue":null,"fobvalue":20888505.51,"primaryValue":20888505.51,"legacyEstimationFlag":0,"isReported":false,"isAggregate":true},{"typeCode":"C","freqCode":"M","refPeriodId":20240101,"refYear":2024,"refMonth":1,"period":"202401","reporterCode":36,"reporterISO":null,"reporterDesc":null,"flowCode":"X","flowDesc":null,"partnerCode":410,"partnerISO":null,"partnerDesc":null,"partner2Code":0,"partner2ISO":null,"partner2Desc":null,"classificationCode":"H6","classificationSearchCode":"HS","isOriginalClassification":true,"cmdCode":"0201","cmdDesc":null,"aggrLevel":null,"isLeaf":null,"customsCode":"C00","customsDesc":null,"mosCode":"0","motCode":9900,"motDesc":null,"q
