메인 통계 페이지 접속
=== 다운로드 중 최상위 예외 ===
Traceback (most recent call last):
  File "/home/runner/work/Livestock-Revolution/Livestock-Revolution/scripts/fetch_aus_meat_export.py", line 260, in main
    saved = download_all()
            ^^^^^^^^^^^^^^
  File "/home/runner/work/Livestock-Revolution/Livestock-Revolution/scripts/fetch_aus_meat_export.py", line 119, in download_all
    page.goto(MAIN_URL, wait_until="networkidle", timeout=60000)
  File "/opt/hostedtoolcache/Python/3.11.16/x64/lib/python3.11/site-packages/playwright/sync_api/_generated.py", line 9875, in goto
    self._sync(
  File "/opt/hostedtoolcache/Python/3.11.16/x64/lib/python3.11/site-packages/playwright/_impl/_sync_base.py", line 115, in _sync
    return task.result()
           ^^^^^^^^^^^^^
  File "/opt/hostedtoolcache/Python/3.11.16/x64/lib/python3.11/site-packages/playwright/_impl/_page.py", line 560, in goto
    return await self._main_frame.goto(**locals_to_params(locals()))
           ^^^^^^^^^^^^^^^^^^^^^^^^^^^^^^^^^^^^^^^^^^^^^^^^^^^^^^^^^
  File "/opt/hostedtoolcache/Python/3.11.16/x64/lib/python3.11/site-packages/playwright/_impl/_frame.py", line 156, in goto
    await self._channel.send(
  File "/opt/hostedtoolcache/Python/3.11.16/x64/lib/python3.11/site-packages/playwright/_impl/_connection.py", line 76, in send
    return await self._connection.wrap_api_call(
           ^^^^^^^^^^^^^^^^^^^^^^^^^^^^^^^^^^^^^
  File "/opt/hostedtoolcache/Python/3.11.16/x64/lib/python3.11/site-packages/playwright/_impl/_connection.py", line 632, in wrap_api_call
    raise rewrite_error(error, f"{parsed_st['apiName']}: {error}") from None
playwright._impl._errors.Error: Page.goto: net::ERR_HTTP2_PROTOCOL_ERROR at https://www.agriculture.gov.au/biosecurity-trade/export/controlled-goods/meat/statistics
Call log:
  - navigating to "https://www.agriculture.gov.au/biosecurity-trade/export/controlled-goods/meat/statistics", waiting until "networkidle"


파싱 결과 저장: debug/aus_trade_parsed_33599913061.json (총 0건)
검증 모드: --merge 없이 실행되어 실제 데이터 파일은 갱신하지 않음
