=== status_show ===
status: 200
{"help": "https://data.gov.au/data/api/3/action/help_show?name=status_show", "success": true, "result": {"site_title": "Data.gov.au", "site_description": "Find, explore and reuse Australia\u2019s public data", "site_url": "https://data.gov.au", "error_emails_to": "", "locale_default": "en", "extensions": ["security", "datagovau", "dga_resource", "toolbelt_safe_upload", "scheming_datasets", "scheming_organizations", "googleanalytics", "hierarchy_display", "agls", "spatial_metadata", "spatial_quer

=== package_search: red meat export ===
status: 200
count: 63, returned: 5
- id=7a14ecad-e417-4b33-baed-77cd540fa4d6 name=2019-end-of-month-red-meat-export-reports title=August 2019 End of Month red meat export reports
    resource: format=XLSX datastore_active=True url=https://data.gov.au/data/dataset/7a14ecad-e417-4b33-baed-77cd540fa4d6/resource/ab9f0186-569b-4149-96d1-20939d5bc89a/download/1908_m57dest.xlsx
    resource: format=excel (.xlsx) datastore_active=False url=http://www.agriculture.gov.au/export/controlled-goods/meat/statistics#august
    resource: format=XLSX datastore_active=False url=http://www.agriculture.gov.au/export/controlled-goods/meat/statistics#august
    resource: format=XLSX datastore_active=False url=http://www.agriculture.gov.au/export/controlled-goods/meat/statistics#august
    resource: format=excel (.xlsx) datastore_active=False url=http://www.agriculture.gov.au/export/controlled-goods/meat/statistics#august
    resource: format=excel (.xlsx) datastore_active=False url=http://www.agriculture.gov.au/export/controlled-goods/meat/statistics#august
    resource: format=excel (.xlsx) datastore_active=False url=http://www.agriculture.gov.au/export/controlled-goods/meat/statistics#august
    resource: format=excel (.xlsx) datastore_active=False url=http://www.agriculture.gov.au/export/controlled-goods/meat/statistics#august
    resource: format=excel (.xlsx) datastore_active=False url=http://www.agriculture.gov.au/export/controlled-goods/meat/statistics#august
    resource: format=excel (.xlsx) datastore_active=False url=http://www.agriculture.gov.au/export/controlled-goods/meat/statistics#august
    resource: format=excel (.xlsx) datastore_active=False url=
    resource: format=excel (.xlsx) datastore_active=False url=http://www.agriculture.gov.au/export/controlled-goods/meat/statistics#august
    resource: format=excel (.xlsx) datastore_active=False url=http://www.agriculture.gov.au/export/controlled-goods/meat/statistics#august
    resource: format=excel (.xlsx) datastore_active=False url=http://www.agriculture.gov.au/export/controlled-goods/meat/statistics#august
    resource: format=XLSX datastore_active=False url=http://www.agriculture.gov.au/export/controlled-goods/meat/statistics#august
    resource: format=excel (.xlsx) datastore_active=False url=http://www.agriculture.gov.au/export/controlled-goods/meat/statistics#august
    resource: format=excel (.xlsx) datastore_active=False url=http://www.agriculture.gov.au/export/controlled-goods/meat/statistics#august
    resource: format=excel (.xlsx) datastore_active=False url=http://www.agriculture.gov.au/export/controlled-goods/meat/statistics#august
- id=cf1962cb-4db2-4dcf-b8ac-8bcb55fe6e0c name=http-www-agriculture-gov-au-export-controlled-goods-meat-statistics-july title=July 2019 end-of-month red meat export reports
    resource: format=excel (.xlsx) datastore_active=False url=
    resource: format=excel (.xlsx) datastore_active=False url=http://www.agriculture.gov.au/export/controlled-goods/meat/statistics#july
    resource: format=excel (.xlsx) datastore_active=False url=http://www.agriculture.gov.au/export/controlled-goods/meat/statistics#july
    resource: format=excel (.xlsx) datastore_active=False url=http://www.agriculture.gov.au/export/controlled-goods/meat/statistics#july
    resource: format=excel (.xlsx) datastore_active=False url=http://www.agriculture.gov.au/export/controlled-goods/meat/statistics#july
- id=3037840a-64b4-4c14-b686-5cc2265582f7 name=agricultural-commodities-june-quarter-2017 title=Agricultural commodities: June quarter 2017
    resource: format=PDF datastore_active=False url=http://data.daff.gov.au/data/warehouse/agcomd9abcc004/agcomd9abcc20170620_2hadt/AgCommodities201706_v1.0.0.pdf
    resource: format=PDF datastore_active=False url=http://data.daff.gov.au/data/warehouse/agcomd9abcc004/agcomd9abcc20170620_2hadt/AgCommodities201706_infographic.pdf
    resource: format=XLSX datastore_active=False url=http://data.daff.gov.au/data/warehouse/agcomd9abcc004/agcomd9abcc20170620_2hadt/AgCommodities201706_Tables_v1.0.0.xlsx
    resource: format=XLSX datastore_active=False url=http://data.daff.gov.au/data/warehouse/agcomd9abcc004/agcomd9abcc20170620_2hadt/AgCommodities201706_Stats_v1.0.0.xlsx
    resource: format=XML datastore_active=False url=http://data.daff.gov.au/anrdl/metadata_files/pb_agcomd9abcc20170620_2hadt.xml
- id=6388134b-cb32-4451-97c6-8e605fa80f2a name=agricultural-commodities-march-quarter-2018 title=Agricultural commodities: March quarter 2018
    resource: format=PDF datastore_active=False url=https://data.gov.au/data/dataset/6388134b-cb32-4451-97c6-8e605fa80f2a/resource/2b4efab1-1a79-4adf-a068-729990235344/download/agcommodities201803v1.0.01.pdf
    resource: format=PDF datastore_active=False url=http://data.daff.gov.au/data/warehouse/agcomd9abcc004/agcomd9abcc20180306_6R2bY/AgCommodities201803_v1.0.0.pdf
    resource: format=XLSX datastore_active=False url=http://data.daff.gov.au/data/warehouse/agcomd9abcc004/agcomd9abcc20180306_6R2bY/AgCommodities201803_Tables_v1.0.0.xlsx
    resource: format=XLSX datastore_active=True url=http://data.daff.gov.au/data/warehouse/agcomd9abcc004/agcomd9abcc20180306_6R2bY/AgCommodities201803_Stats_v1.0.0.xlsx
- id=60e94211-c9a0-4c6c-bc0a-b34700290625 name=old_taxstats title=Historical Taxation Statistics
    resource: format=.pdf datastore_active=False url=https://data.gov.au/data/dataset/60e94211-c9a0-4c6c-bc0a-b34700290625/resource/24c2d0d8-d107-4f1d-97b5-3d26f2fff429/download/taxstats1959-60.pdf
    resource: format=PDF datastore_active=False url=https://data.gov.au/data/dataset/60e94211-c9a0-4c6c-bc0a-b34700290625/resource/9cbe16d6-930e-4359-ab84-4d5796466dfe/download/taxstats1960-61.pdf
    resource: format=PDF datastore_active=False url=https://data.gov.au/data/dataset/60e94211-c9a0-4c6c-bc0a-b34700290625/resource/99a42782-40bb-4b4d-b869-67bdf6927c93/download/taxstats1961-62.pdf
    resource: format=PDF datastore_active=False url=https://data.gov.au/data/dataset/60e94211-c9a0-4c6c-bc0a-b34700290625/resource/5290f726-2a8c-4053-83ef-bc42f9c88778/download/taxstats1962-63.pdf
    resource: format=PDF datastore_active=False url=https://data.gov.au/data/dataset/60e94211-c9a0-4c6c-bc0a-b34700290625/resource/af1e6452-ff28-4b07-9134-4a6cbc0e34bd/download/taxstats1963-64.pdf
    resource: format=PDF datastore_active=False url=https://data.gov.au/data/dataset/60e94211-c9a0-4c6c-bc0a-b34700290625/resource/731e43b9-53c0-4ba5-b1c1-bdd8055f5bc6/download/taxstats1964-65.pdf
    resource: format=PDF datastore_active=False url=https://data.gov.au/data/dataset/60e94211-c9a0-4c6c-bc0a-b34700290625/resource/c2e4d4a7-73d9-4f73-88fb-aa4d6bfc9f74/download/taxstats1965-66.pdf
    resource: format=PDF datastore_active=False url=https://data.gov.au/data/dataset/60e94211-c9a0-4c6c-bc0a-b34700290625/resource/4c6bfb2e-0738-4f0d-a5d2-e70b253c45fa/download/taxstats1966-67.pdf
    resource: format=PDF datastore_active=False url=https://data.gov.au/data/dataset/60e94211-c9a0-4c6c-bc0a-b34700290625/resource/090f73a2-35f3-4808-a21e-8b29ec38d981/download/taxstats1967-68.pdf
    resource: format=PDF datastore_active=False url=https://data.gov.au/data/dataset/60e94211-c9a0-4c6c-bc0a-b34700290625/resource/e4092b24-a152-47bc-9f68-1eb32f106353/download/taxstats1968-69.pdf
    resource: format=PDF datastore_active=False url=https://data.gov.au/data/dataset/60e94211-c9a0-4c6c-bc0a-b34700290625/resource/695e734e-e97b-4426-af80-c22a15159825/download/taxstats1969-70.pdf
    resource: format=PDF datastore_active=False url=https://data.gov.au/data/dataset/60e94211-c9a0-4c6c-bc0a-b34700290625/resource/f926bb85-7ad6-49e4-81d5-0a40231293a2/download/taxstats1970-71.pdf
    resource: format=PDF datastore_active=False url=https://data.gov.au/data/dataset/60e94211-c9a0-4c6c-bc0a-b34700290625/resource/17e4ad9c-474e-4f74-a62c-b09f7aa63395/download/taxstats1971-72.pdf
    resource: format=PDF datastore_active=False url=https://data.gov.au/data/dataset/60e94211-c9a0-4c6c-bc0a-b34700290625/resource/668e34de-57c5-4fec-a8da-569e17158210/download/taxstats1972-73.pdf
    resource: format=PDF datastore_active=False url=https://data.gov.au/data/dataset/60e94211-c9a0-4c6c-bc0a-b34700290625/resource/d7a7a486-535b-4722-98d9-b568f201926a/download/taxstats1973-74.pdf
    resource: format=PDF datastore_active=False url=https://data.gov.au/data/dataset/60e94211-c9a0-4c6c-bc0a-b34700290625/resource/539aa587-9525-4d18-b6d3-02b9da18f2bc/download/taxstats1974-75.pdf
    resource: format=PDF datastore_active=False url=https://data.gov.au/data/dataset/60e94211-c9a0-4c6c-bc0a-b34700290625/resource/ceea8923-c4d6-4e9c-9fcb-b97256983f1c/download/taxstats1975-76.pdf
    resource: format=PDF datastore_active=False url=https://data.gov.au/data/dataset/60e94211-c9a0-4c6c-bc0a-b34700290625/resource/45cf7edf-e422-499b-aa52-797d296018b7/download/taxstats1976-77.pdf
    resource: format=PDF datastore_active=False url=https://data.gov.au/data/dataset/60e94211-c9a0-4c6c-bc0a-b34700290625/resource/fd5fa172-dbe7-4823-befe-5501928a4bba/download/taxstats1977-78.pdf
    resource: format=PDF datastore_active=False url=https://data.gov.au/data/dataset/60e94211-c9a0-4c6c-bc0a-b34700290625/resource/3c9d2414-7ebf-463d-bf2e-cbcfab866edc/download/taxstats1978-79.pdf
    resource: format=PDF datastore_active=False url=https://data.gov.au/data/dataset/60e94211-c9a0-4c6c-bc0a-b34700290625/resource/6157aa84-c902-4cbf-b3f5-3ee3d533b1af/download/taxstats1979-80.pdf
    resource: format=PDF datastore_active=False url=https://data.gov.au/data/dataset/60e94211-c9a0-4c6c-bc0a-b34700290625/resource/bd5749c3-3236-4740-a96e-520e095a2157/download/taxstats1980-81.pdf
    resource: format=PDF datastore_active=False url=https://data.gov.au/data/dataset/60e94211-c9a0-4c6c-bc0a-b34700290625/resource/33acfba9-f601-48e1-acea-69e8b1176615/download/taxstats1981-82.pdf
    resource: format=PDF datastore_active=False url=https://data.gov.au/data/dataset/60e94211-c9a0-4c6c-bc0a-b34700290625/resource/c7ec3a1a-4cc4-41c9-89e8-a719688ee2d7/download/taxstats1982-83.pdf
    resource: format=PDF datastore_active=False url=https://data.gov.au/data/dataset/60e94211-c9a0-4c6c-bc0a-b34700290625/resource/3e386ba4-d677-40f1-bf90-b6ba18e4d212/download/taxstats1983-84.pdf
    resource: format=PDF datastore_active=False url=https://data.gov.au/data/dataset/60e94211-c9a0-4c6c-bc0a-b34700290625/resource/7b5cf09b-9212-4ee6-861b-f6ed79cbfaa8/download/taxstats1984-85a.pdf
    resource: format=PDF datastore_active=False url=https://data.gov.au/data/dataset/60e94211-c9a0-4c6c-bc0a-b34700290625/resource/b2acf96a-7f08-4892-bafa-ee254122e241/download/taxstats1984-85b.pdf
    resource: format=PDF datastore_active=False url=https://data.gov.au/data/dataset/60e94211-c9a0-4c6c-bc0a-b34700290625/resource/1d57d54c-82bb-4bb8-b7af-099b816243a0/download/taxstats1985-86.pdf
    resource: format=PDF datastore_active=False url=https://data.gov.au/data/dataset/60e94211-c9a0-4c6c-bc0a-b34700290625/resource/17616b70-59c3-492f-8dc3-79edee85c4ac/download/taxstats1986-87.pdf
    resource: format=PDF datastore_active=False url=https://data.gov.au/data/dataset/60e94211-c9a0-4c6c-bc0a-b34700290625/resource/2dc821d3-4d91-4ae3-b8bb-7b199d830fa0/download/taxstats1987-88.pdf
    resource: format=PDF datastore_active=False url=https://data.gov.au/data/dataset/60e94211-c9a0-4c6c-bc0a-b34700290625/resource/ad1c053a-765f-42d3-b45f-e1a84dc24467/download/taxstats1988-89.pdf
    resource: format=PDF datastore_active=False url=https://data.gov.au/data/dataset/60e94211-c9a0-4c6c-bc0a-b34700290625/resource/d5c229c7-2ea1-4322-a164-0ece4d4de1bd/download/taxstats1989-90.pdf
    resource: format=PDF datastore_active=False url=https://data.gov.au/data/dataset/60e94211-c9a0-4c6c-bc0a-b34700290625/resource/e4c370c9-d33d-438b-9ed7-2c61a0804342/download/taxstats1990-91.pdf
    resource: format=PDF datastore_active=False url=https://data.gov.au/data/dataset/60e94211-c9a0-4c6c-bc0a-b34700290625/resource/88d323fe-74c9-40cd-a131-78587ce76b33/download/taxstats1991-92.pdf
    resource: format=PDF datastore_active=False url=https://data.gov.au/data/dataset/60e94211-c9a0-4c6c-bc0a-b34700290625/resource/4f4d1cc0-9269-4a36-9dca-90dd4835142d/download/taxstats1992-93.pdf
    resource: format=PDF datastore_active=False url=https://data.gov.au/data/dataset/60e94211-c9a0-4c6c-bc0a-b34700290625/resource/48e19478-caac-47a6-9b0b-c643a0c887f2/download/taxstats1993-94.pdf

=== package_search: broader 'meat export' (in case exact title differs) ===
count: 127, returned: 10
- id=cf1962cb-4db2-4dcf-b8ac-8bcb55fe6e0c name=http-www-agriculture-gov-au-export-controlled-goods-meat-statistics-july title=July 2019 end-of-month red meat export reports org=Department of Agriculture, Fisheries and Forestry
- id=7a14ecad-e417-4b33-baed-77cd540fa4d6 name=2019-end-of-month-red-meat-export-reports title=August 2019 End of Month red meat export reports org=Department of Agriculture, Fisheries and Forestry
- id=8c83c78b-e806-46f9-8230-36ff7bfc950f name=pb_craecd9aap_20151029 title=Australia's cost recovery arrangements for export certification : implications for Australian agriculture org=Australian Bureau of Agricultural and Resource Economics and Sciences
- id=647b2c21-b2bf-4f10-b62b-426119806230 name=pb_ssameu_d9aat20170718 title=A stocktake of selected agricultural markets of the European Union - Opportunities for Australia org=Australian Bureau of Agricultural and Resource Economics and Sciences
- id=a2711831-d00b-45e3-8e28-0a95bca49950 name=agricultural-commodities-september-quarter-2017 title=Agricultural commodities: September quarter 2017 org=Australian Bureau of Agricultural and Resource Economics and Sciences
- id=c0d0093b-9609-4796-b2c0-369e6d021ac7 name=pb_agcomd9abcc20170307_0s6mp title=Agricultural commodities: March quarter 2017 org=Australian Bureau of Agricultural and Resource Economics and Sciences
- id=b84c3235-e370-47dc-831e-cdb989c3f3a4 name=pb_agcomd9abcc20141209_11a title=Agricultural commodities: December quarter 2014 org=Australian Bureau of Agricultural and Resource Economics and Sciences
- id=edf189dc-854c-4a1e-840e-b0b1befe5765 name=pb_agcomd9abcc20180918_xv5mh-xml title=Agricultural commodities: September quarter 2018 org=Australian Bureau of Agricultural and Resource Economics and Sciences
- id=78c18472-66ed-41a3-9dcc-614299b3a6e6 name=pb_ecsoa0aab20170922 title=Economic consequences of a scrapie outbreak in Australia org=Australian Bureau of Agricultural and Resource Economics and Sciences
- id=3037840a-64b4-4c14-b686-5cc2265582f7 name=agricultural-commodities-june-quarter-2017 title=Agricultural commodities: June quarter 2017 org=Australian Bureau of Agricultural and Resource Economics and Sciences
