=== 2024년 1월 국가별 소고기(0201+0202) 합계(kg) ===
  China 0201: status=429 kg=None
  China 0202: status=200 kg=11520407.9
  -> China 합계: 11520407.9 kg = 11520.4 톤
  Hong Kong 0201: status=200 kg=184739.36
  Hong Kong 0202: status=200 kg=98270.93
  -> Hong Kong 합계: 283010.29 kg = 283.0 톤
  Indonesia 0201: status=200 kg=0
  Indonesia 0202: status=200 kg=1762196.0
  -> Indonesia 합계: 1762196.0 kg = 1762.2 톤
  Japan 0201: status=200 kg=6509130.25
  Japan 0202: status=200 kg=9207483.14
  -> Japan 합계: 15716613.39 kg = 15716.6 톤
  Philippines 0201: status=200 kg=17740.77
  Philippines 0202: status=200 kg=2734808.64
  -> Philippines 합계: 2752549.41 kg = 2752.5 톤
  South Korea 0201: status=200 kg=2063353.13
  South Korea 0202: status=429 kg=None
  -> South Korea 합계: 2063353.13 kg = 2063.4 톤
  Taiwan 0201: status=200 kg=481924.92
  Taiwan 0202: status=200 kg=1416056.93
  -> Taiwan 합계: 1897981.8499999999 kg = 1898.0 톤
  Thailand 0201: status=200 kg=357073.34
  Thailand 0202: status=200 kg=1151535.17
  -> Thailand 합계: 1508608.51 kg = 1508.6 톤
  USA 0201: status=200 kg=6397546.54
  USA 0202: status=200 kg=13594867.23
  -> USA 합계: 19992413.77 kg = 19992.4 톤

=== 최신 가용 시점 확인 (한국 대상 0201, 최근 달부터 역순) ===
  202608: status=200 kg=0
  202607: status=429 kg=None
  202606: status=200 kg=2824758.34
  202605: status=200 kg=2946835.71
  202603: status=200 kg=2463380.97
  202601: status=200 kg=1765359.22
  202512: status=200 kg=3270337.76
  202510: status=200 kg=2545229.93
