+ git config user.email actions@github.com
+ git config user.name github-actions
+ for i in 1 2 3 4 5 6 7 8
+ git add data/eu_pigmeat_trade.json data/fx_history.json
+ git status --short
M  data/eu_pigmeat_trade.json
A  data/fx_history.json
 M debug/eu_commit_last.log
 M debug/fx_history_last.log
+ git diff --cached --quiet
++ date -u +%Y-%m-%dT%H:%M:%SZ
+ git commit -m 'auto: EU 돈육 수출현황 + 환율 이력 갱신 (2026-08-27T23:27:30Z)'
[main 3e46bd1] auto: EU 돈육 수출현황 + 환율 이력 갱신 (2026-08-27T23:27:30Z)
 2 files changed, 2 insertions(+), 1 deletion(-)
 create mode 100644 data/fx_history.json
+ git push
To https://github.com/jeruhe2-sketch/Livestock-Revolution
   eead4f7..3e46bd1  main -> main
+ echo 'push 성공'
push 성공
+ break
