1) 메인 페이지 접속
  goto(networkidle) 실패: Page.goto: Timeout 60000ms exceeded.
Call log:
  - navigating to "https://impfood.mfds.go.kr/ifs/websquare/websquare.html?w2xPath=/ifs/ui/index.xml", waiting until "networkidle"

  domcontentloaded로 재시도
=== 최상위 예외 발생 ===
Traceback (most recent call last):
  File "/home/runner/work/Livestock-Revolution/Livestock-Revolution/scripts/explore_impfood_v2.py", line 35, in main
    page.goto(BASE_URL, wait_until="domcontentloaded", timeout=60000)
  File "/opt/hostedtoolcache/Python/3.11.16/x64/lib/python3.11/site-packages/playwright/sync_api/_generated.py", line 9875, in goto
    self._sync(
  File "/opt/hostedtoolcache/Python/3.11.16/x64/lib/python3.11/site-packages/playwright/_impl/_sync_base.py", line 115, in _sync
    return task.result()
           ^^^^^^^^^^^^^
  File "/opt/hostedtoolcache/Python/3.11.16/x64/lib/python3.11/site-packages/playwright/_impl/_page.py", line 560, in goto
    return await self._main_frame.goto(**locals_to_params(locals()))
           ^^^^^^^^^^^^^^^^^^^^^^^^^^^^^^^^^^^^^^^^^^^^^^^^^^^^^^^^^
  File "/opt/hostedtoolcache/Python/3.11.16/x64/lib/python3.11/site-packages/playwright/_impl/_frame.py", line 156, in goto
    await self._channel.send(
  File "/opt/hostedtoolcache/Python/3.11.16/x64/lib/python3.11/site-packages/playwright/_impl/_connection.py", line 76, in send
    return await self._connection.wrap_api_call(
           ^^^^^^^^^^^^^^^^^^^^^^^^^^^^^^^^^^^^^
  File "/opt/hostedtoolcache/Python/3.11.16/x64/lib/python3.11/site-packages/playwright/_impl/_connection.py", line 632, in wrap_api_call
    raise rewrite_error(error, f"{parsed_st['apiName']}: {error}") from None
playwright._impl._errors.TimeoutError: Page.goto: Timeout 60000ms exceeded.
Call log:
  - navigating to "https://impfood.mfds.go.kr/ifs/websquare/websquare.html?w2xPath=/ifs/ui/index.xml", waiting until "domcontentloaded"

