1) 메인 페이지 접속
2) '수입식품' 클릭
  성공
2-1) '일반현황' 클릭
  성공
  step2 스크린샷 저장함
3) '냉장/냉동-부위-국가' 텍스트 탐색
  개수: 1
  [0] '냉장/냉동-부위-국가 검사실적'
  첫번째 항목 클릭함
  step3 스크린샷 저장함
4) input 요소 전수 조사
  input 전체 개수: 7
  input[0] type='button' value='로그아웃' box=None
  input[1] type='text' value='' box={'x': 17, 'y': 115, 'width': 171, 'height': 31}
  input[2] type='button' value='서브메뉴 열기' box={'x': 260, 'y': 312.5, 'width': 11, 'height': 141}
  input[3] type='' value='2026-09-01' box={'x': 394, 'y': 127, 'width': 105, 'height': 25}
  input[4] type='' value='2026-09-01' box={'x': 556.5, 'y': 127, 'width': 105, 'height': 25}
  input[5] type='text' value='' box={'x': 665.59375, 'y': 127, 'width': 50, 'height': 25}
  input[6] type='text' value='' box={'x': 1230.375, 'y': 127, 'width': 50, 'height': 25}
5) '품명' 입력 및 검색 시도
  '품명' 라벨 위치: {'x': 630.59375, 'y': 131.5, 'width': 22, 'height': 16}
  '품명' 입력창 추정 index(type=text 중): 1
  날짜 input으로 추정되는 index들: [3, 4]
  날짜 2019-01-01 ~ 2019-01-31 입력함
  '양고기' 타이핑 입력함
  입력창 현재 값 확인: '양고기'
  '검색' 클릭함
  검색 결과 텍스트 저장함
  검색 결과 스크린샷 저장함