페이지 접속
2019: 다운로드 성공 (304426 bytes)
2020: 다운로드 성공 (300637 bytes)
2021: 링크 못찾음 (파일이 없을 수 있음)
2022: 다운로드 성공 (302718 bytes)
2023: 다운로드 성공 (301723 bytes)
2024: 다운로드 성공 (298548 bytes)
2025: 다운로드 성공 (302472 bytes)
  2019 시트 목록: ['수출동물', '수입동물(합격)', '수출축산물', '수입축산물(합격)']
  2019: 시트 '수입축산물(합격)' 사용
  2019: 면양/산양 포함된 품명 후보: []
2019: 파싱 실패: argument of type 'float' is not iterable
Traceback (most recent call last):
  File "/home/runner/work/Livestock-Revolution/Livestock-Revolution/scripts/fetch_mafra_livestock_history.py", line 236, in main
    recs = parse_year_file(path, year)
           ^^^^^^^^^^^^^^^^^^^^^^^^^^^
  File "/home/runner/work/Livestock-Revolution/Livestock-Revolution/scripts/fetch_mafra_livestock_history.py", line 130, in parse_year_file
    if any("기준년월" in v for v in row_vals):
       ^^^^^^^^^^^^^^^^^^^^^^^^^^^^^^^^^^^^^^
  File "/home/runner/work/Livestock-Revolution/Livestock-Revolution/scripts/fetch_mafra_livestock_history.py", line 130, in <genexpr>
    if any("기준년월" in v for v in row_vals):
           ^^^^^^^^^^^^^^^
TypeError: argument of type 'float' is not iterable

  2020 시트 목록: ['수출동물', '수입동물(합격)', '수출축산물', '수입축산물(합격)']
  2020: 시트 '수입축산물(합격)' 사용
  2020: 면양/산양 포함된 품명 후보: []
2020: 파싱 실패: argument of type 'float' is not iterable
Traceback (most recent call last):
  File "/home/runner/work/Livestock-Revolution/Livestock-Revolution/scripts/fetch_mafra_livestock_history.py", line 236, in main
    recs = parse_year_file(path, year)
           ^^^^^^^^^^^^^^^^^^^^^^^^^^^
  File "/home/runner/work/Livestock-Revolution/Livestock-Revolution/scripts/fetch_mafra_livestock_history.py", line 130, in parse_year_file
    if any("기준년월" in v for v in row_vals):
       ^^^^^^^^^^^^^^^^^^^^^^^^^^^^^^^^^^^^^^
  File "/home/runner/work/Livestock-Revolution/Livestock-Revolution/scripts/fetch_mafra_livestock_history.py", line 130, in <genexpr>
    if any("기준년월" in v for v in row_vals):
           ^^^^^^^^^^^^^^^
TypeError: argument of type 'float' is not iterable

  2022 시트 목록: ['수출동물', '수입동물', '수출축산물', '수입축산물']
  2022: 시트 '수입축산물' 사용
  2022: 면양/산양 포함된 품명 후보: []
2022: 파싱 실패: argument of type 'float' is not iterable
Traceback (most recent call last):
  File "/home/runner/work/Livestock-Revolution/Livestock-Revolution/scripts/fetch_mafra_livestock_history.py", line 236, in main
    recs = parse_year_file(path, year)
           ^^^^^^^^^^^^^^^^^^^^^^^^^^^
  File "/home/runner/work/Livestock-Revolution/Livestock-Revolution/scripts/fetch_mafra_livestock_history.py", line 130, in parse_year_file
    if any("기준년월" in v for v in row_vals):
       ^^^^^^^^^^^^^^^^^^^^^^^^^^^^^^^^^^^^^^
  File "/home/runner/work/Livestock-Revolution/Livestock-Revolution/scripts/fetch_mafra_livestock_history.py", line 130, in <genexpr>
    if any("기준년월" in v for v in row_vals):
           ^^^^^^^^^^^^^^^
TypeError: argument of type 'float' is not iterable

  2023 시트 목록: ['수출동물', '수입동물', '수출축산물', '수입축산물']
  2023: 시트 '수입축산물' 사용
  2023: 면양/산양 포함된 품명 후보: []
2023: 파싱 실패: argument of type 'float' is not iterable
Traceback (most recent call last):
  File "/home/runner/work/Livestock-Revolution/Livestock-Revolution/scripts/fetch_mafra_livestock_history.py", line 236, in main
    recs = parse_year_file(path, year)
           ^^^^^^^^^^^^^^^^^^^^^^^^^^^
  File "/home/runner/work/Livestock-Revolution/Livestock-Revolution/scripts/fetch_mafra_livestock_history.py", line 130, in parse_year_file
    if any("기준년월" in v for v in row_vals):
       ^^^^^^^^^^^^^^^^^^^^^^^^^^^^^^^^^^^^^^
  File "/home/runner/work/Livestock-Revolution/Livestock-Revolution/scripts/fetch_mafra_livestock_history.py", line 130, in <genexpr>
    if any("기준년월" in v for v in row_vals):
           ^^^^^^^^^^^^^^^
TypeError: argument of type 'float' is not iterable

  2024 시트 목록: ['수출동물', '수입동물', '수출축산물', '수입축산물']
  2024: 시트 '수입축산물' 사용
  2024: 면양/산양 포함된 품명 후보: ['면양 울톱', '면양간', '면양고기 기타', '면양꼬리', '면양대망막', '면양머리', '면양모', '면양목', '면양신장', '면양심장', '면양위', '면양육', '면양육가공품', '면양장(S.C.)', '면양족', '면양허파', '면양혀', '면양혈액', '면양횡격막', '산양간', '산양머리', '산양모', '산양신장', '산양심장', '산양육', '산양육가공품', '산양장', '산양족', '산양혈청']
2024: 파싱 실패: argument of type 'float' is not iterable
Traceback (most recent call last):
  File "/home/runner/work/Livestock-Revolution/Livestock-Revolution/scripts/fetch_mafra_livestock_history.py", line 236, in main
    recs = parse_year_file(path, year)
           ^^^^^^^^^^^^^^^^^^^^^^^^^^^
  File "/home/runner/work/Livestock-Revolution/Livestock-Revolution/scripts/fetch_mafra_livestock_history.py", line 130, in parse_year_file
    if any("기준년월" in v for v in row_vals):
       ^^^^^^^^^^^^^^^^^^^^^^^^^^^^^^^^^^^^^^
  File "/home/runner/work/Livestock-Revolution/Livestock-Revolution/scripts/fetch_mafra_livestock_history.py", line 130, in <genexpr>
    if any("기준년월" in v for v in row_vals):
           ^^^^^^^^^^^^^^^
TypeError: argument of type 'float' is not iterable

  2025 시트 목록: ['수출동물', '수입동물', '수출축산물', '수입축산물']
  2025: 시트 '수입축산물' 사용
  2025: 면양/산양 포함된 품명 후보: ['면양 울톱', '면양간', '면양고기 기타', '면양꼬리', '면양대망막', '면양머리', '면양모', '면양목', '면양신장', '면양심장', '면양위', '면양육', '면양장(S.C.)', '면양지', '면양지방', '면양혀', '면양혈액', '면양횡격막', '산양간', '산양모', '산양신장', '산양심장', '산양위', '산양육', '산양육가공품', '산양육즙', '산양족', '산양혀', '산양혈액', '산양혈청']
2025: 파싱 실패: argument of type 'float' is not iterable
Traceback (most recent call last):
  File "/home/runner/work/Livestock-Revolution/Livestock-Revolution/scripts/fetch_mafra_livestock_history.py", line 236, in main
    recs = parse_year_file(path, year)
           ^^^^^^^^^^^^^^^^^^^^^^^^^^^
  File "/home/runner/work/Livestock-Revolution/Livestock-Revolution/scripts/fetch_mafra_livestock_history.py", line 130, in parse_year_file
    if any("기준년월" in v for v in row_vals):
       ^^^^^^^^^^^^^^^^^^^^^^^^^^^^^^^^^^^^^^
  File "/home/runner/work/Livestock-Revolution/Livestock-Revolution/scripts/fetch_mafra_livestock_history.py", line 130, in <genexpr>
    if any("기준년월" in v for v in row_vals):
           ^^^^^^^^^^^^^^^
TypeError: argument of type 'float' is not iterable

파싱 결과 저장함: debug/mafra_parsed_33518774880.json (총 0건)
--merge 옵션 없어서 실제 병합은 건너뜀 (검증 모드)