페이지 접속
2019: 다운로드 성공 (304426 bytes)
2020: 다운로드 성공 (300637 bytes)
2021: 링크 못찾음 (파일이 없을 수 있음)
2022: 다운로드 성공 (302718 bytes)
2023: 다운로드 성공 (301723 bytes)
2024: 다운로드 성공 (298548 bytes)
2025: 다운로드 성공 (302472 bytes)
2019: 파싱 실패: Worksheet named '수입축산물' not found
Traceback (most recent call last):
  File "/home/runner/work/Livestock-Revolution/Livestock-Revolution/scripts/fetch_mafra_livestock_history.py", line 201, in main
    recs = parse_year_file(path, year)
           ^^^^^^^^^^^^^^^^^^^^^^^^^^^
  File "/home/runner/work/Livestock-Revolution/Livestock-Revolution/scripts/fetch_mafra_livestock_history.py", line 94, in parse_year_file
    df = pd.read_excel(path, sheet_name="수입축산물", header=None)
         ^^^^^^^^^^^^^^^^^^^^^^^^^^^^^^^^^^^^^^^^^^^^^^^^^^^^^^^^^
  File "/opt/hostedtoolcache/Python/3.11.16/x64/lib/python3.11/site-packages/pandas/io/excel/_base.py", line 494, in read_excel
    data = io.parse(
           ^^^^^^^^^
  File "/opt/hostedtoolcache/Python/3.11.16/x64/lib/python3.11/site-packages/pandas/io/excel/_base.py", line 1780, in parse
    return self._reader.parse(
           ^^^^^^^^^^^^^^^^^^^
  File "/opt/hostedtoolcache/Python/3.11.16/x64/lib/python3.11/site-packages/pandas/io/excel/_base.py", line 753, in parse
    sheet = self.get_sheet_by_name(asheetname)
            ^^^^^^^^^^^^^^^^^^^^^^^^^^^^^^^^^^
  File "/opt/hostedtoolcache/Python/3.11.16/x64/lib/python3.11/site-packages/pandas/io/excel/_openpyxl.py", line 589, in get_sheet_by_name
    self.raise_if_bad_sheet_by_name(name)
  File "/opt/hostedtoolcache/Python/3.11.16/x64/lib/python3.11/site-packages/pandas/io/excel/_base.py", line 605, in raise_if_bad_sheet_by_name
    raise ValueError(f"Worksheet named '{name}' not found")
ValueError: Worksheet named '수입축산물' not found

2020: 파싱 실패: Worksheet named '수입축산물' not found
Traceback (most recent call last):
  File "/home/runner/work/Livestock-Revolution/Livestock-Revolution/scripts/fetch_mafra_livestock_history.py", line 201, in main
    recs = parse_year_file(path, year)
           ^^^^^^^^^^^^^^^^^^^^^^^^^^^
  File "/home/runner/work/Livestock-Revolution/Livestock-Revolution/scripts/fetch_mafra_livestock_history.py", line 94, in parse_year_file
    df = pd.read_excel(path, sheet_name="수입축산물", header=None)
         ^^^^^^^^^^^^^^^^^^^^^^^^^^^^^^^^^^^^^^^^^^^^^^^^^^^^^^^^^
  File "/opt/hostedtoolcache/Python/3.11.16/x64/lib/python3.11/site-packages/pandas/io/excel/_base.py", line 494, in read_excel
    data = io.parse(
           ^^^^^^^^^
  File "/opt/hostedtoolcache/Python/3.11.16/x64/lib/python3.11/site-packages/pandas/io/excel/_base.py", line 1780, in parse
    return self._reader.parse(
           ^^^^^^^^^^^^^^^^^^^
  File "/opt/hostedtoolcache/Python/3.11.16/x64/lib/python3.11/site-packages/pandas/io/excel/_base.py", line 753, in parse
    sheet = self.get_sheet_by_name(asheetname)
            ^^^^^^^^^^^^^^^^^^^^^^^^^^^^^^^^^^
  File "/opt/hostedtoolcache/Python/3.11.16/x64/lib/python3.11/site-packages/pandas/io/excel/_openpyxl.py", line 589, in get_sheet_by_name
    self.raise_if_bad_sheet_by_name(name)
  File "/opt/hostedtoolcache/Python/3.11.16/x64/lib/python3.11/site-packages/pandas/io/excel/_base.py", line 605, in raise_if_bad_sheet_by_name
    raise ValueError(f"Worksheet named '{name}' not found")
ValueError: Worksheet named '수입축산물' not found

2022: 면양육/산양육 레코드 0건 파싱
2023: 면양육/산양육 레코드 0건 파싱
2024: 면양육/산양육 레코드 38건 파싱
2025: 면양육/산양육 레코드 37건 파싱
파싱 결과 저장함: debug/mafra_parsed_33518513420.json (총 75건)
--merge 옵션 없어서 실제 병합은 건너뜀 (검증 모드)