페이지 접속
2019: 다운로드 성공 (304426 bytes)
2020: 다운로드 성공 (300637 bytes)
2021: 링크 못찾음 (파일이 없을 수 있음)
2022: 다운로드 성공 (302718 bytes)
2023: 다운로드 성공 (301723 bytes)
2024: 다운로드 성공 (298548 bytes)
2025: 다운로드 성공 (302472 bytes)
  2019 시트 목록: ['수출동물', '수입동물(합격)', '수출축산물', '수입축산물(합격)']
  2019: 시트 '수입축산물(합격)' 사용
  2019: 면양/산양 포함된 품명 후보: []
  2019: (참고) 육류 카테고리 전체 품명: []
  2019: '기준년월' 행을 못찾아서 기본값(2번 행) 사용
  2019: month_cols 개수 = 0
2019: 면양육/산양육 레코드 0건 파싱
  2020 시트 목록: ['수출동물', '수입동물(합격)', '수출축산물', '수입축산물(합격)']
  2020: 시트 '수입축산물(합격)' 사용
  2020: 면양/산양 포함된 품명 후보: []
  2020: (참고) 육류 카테고리 전체 품명: []
  2020: '기준년월' 행을 못찾아서 기본값(2번 행) 사용
  2020: month_cols 개수 = 0
2020: 면양육/산양육 레코드 0건 파싱
  2022 시트 목록: ['수출동물', '수입동물', '수출축산물', '수입축산물']
  2022: 시트 '수입축산물' 사용
  2022: 면양/산양 포함된 품명 후보: []
  2022: (참고) 육류 카테고리 전체 품명: []
  2022: '기준년월' 행을 못찾아서 기본값(2번 행) 사용
  2022: month_cols 개수 = 0
2022: 면양육/산양육 레코드 0건 파싱
  2023 시트 목록: ['수출동물', '수입동물', '수출축산물', '수입축산물']
  2023: 시트 '수입축산물' 사용
  2023: 면양/산양 포함된 품명 후보: []
  2023: (참고) 육류 카테고리 전체 품명: []
  2023: 헤더 행 = 3
  2023: month_cols 개수 = 12
2023: 면양육/산양육 레코드 0건 파싱
  2024 시트 목록: ['수출동물', '수입동물', '수출축산물', '수입축산물']
  2024: 시트 '수입축산물' 사용
  2024: 면양/산양 포함된 품명 후보: ['면양 울톱', '면양간', '면양고기 기타', '면양꼬리', '면양대망막', '면양머리', '면양모', '면양목', '면양신장', '면양심장', '면양위', '면양육', '면양육가공품', '면양장(S.C.)', '면양족', '면양허파', '면양혀', '면양혈액', '면양횡격막', '산양간', '산양머리', '산양모', '산양신장', '산양심장', '산양육', '산양육가공품', '산양장', '산양족', '산양혈청']
  2024: 헤더 행 = 2
  2024: month_cols 개수 = 12
2024: 면양육/산양육 레코드 38건 파싱
  2025 시트 목록: ['수출동물', '수입동물', '수출축산물', '수입축산물']
  2025: 시트 '수입축산물' 사용
  2025: 면양/산양 포함된 품명 후보: ['면양 울톱', '면양간', '면양고기 기타', '면양꼬리', '면양대망막', '면양머리', '면양모', '면양목', '면양신장', '면양심장', '면양위', '면양육', '면양장(S.C.)', '면양지', '면양지방', '면양혀', '면양혈액', '면양횡격막', '산양간', '산양모', '산양신장', '산양심장', '산양위', '산양육', '산양육가공품', '산양육즙', '산양족', '산양혀', '산양혈액', '산양혈청']
  2025: 헤더 행 = 2
  2025: month_cols 개수 = 12
2025: 면양육/산양육 레코드 37건 파싱
파싱 결과 저장함: debug/mafra_parsed_33519266171.json (총 75건)
--merge 옵션 없어서 실제 병합은 건너뜀 (검증 모드)