=== Pages 응답 헤더 ===
HTTP/2 200 
server: GitHub.com
content-type: application/json; charset=utf-8
last-modified: Thu, 03 Sep 2026 03:49:37 GMT
access-control-allow-origin: *
strict-transport-security: max-age=31556952
etag: "6a98ee51-8db6f"
expires: Thu, 03 Sep 2026 04:00:33 GMT
cache-control: max-age=600
x-proxy-cache: MISS
x-github-request-id: 9A8A:121659:26D54:2CCD1:6A98EE88
x-github-edge-region: westus3
accept-ranges: bytes
age: 0
date: Thu, 03 Sep 2026 03:50:33 GMT
via: 1.1 varnish
x-served-by: cache-pao-kpao1770024-PAO
x-cache: MISS
x-cache-hits: 0
x-timer: S1788407433.025309,VS0,VE98
vary: Accept-Encoding
x-fastly-request-id: 34d5d9204adf10e3358065e5b56d101170baa471
content-length: 580463


=== Pages 본문 다운로드 ===
status=200

=== salt/iv 비교 (로컬 커밋본 vs Pages) ===
local salt: fBJ+kcVJr/pS0RKeCWNQvg==
pages salt: fBJ+kcVJr/pS0RKeCWNQvg==
local ciphertext[:30]: 5ZSHAF7uQTwIsNcLiFnUbJBVuyc2Yd
pages ciphertext[:30]: 5ZSHAF7uQTwIsNcLiFnUbJBVuyc2Yd
완전히 동일함: True

=== Pages 버전을 1004로 복호화 시도 ===
복호화 완료: /tmp/pages_decrypted.json (435259바이트)
1004로 복호화 성공
