=== 2019년 소고기(쇠고기) 월별 비교 (kg) ===
   1월: mafra=35,959,014.0  기존=36,133,000.0  차이=-0.48151558132456745%
   2월: mafra=28,042,791.9  기존=27,649,400.0  차이=1.422786483612661%
   3월: mafra=31,253,977.9  기존=31,438,600.0  차이=-0.5872466172157741%
   4월: mafra=40,953,541.3  기존=40,817,800.0  차이=0.3325542532914518%
   5월: mafra=39,277,388.1  기존=39,357,600.0  차이=-0.20380278014919942%
   6월: mafra=33,960,086.7  기존=34,390,600.0  차이=-1.251834102923483%
   7월: mafra=41,460,652.3  기존=40,636,100.0  차이=2.029112685518555%
   8월: mafra=40,219,014.0  기존=40,268,700.0  차이=-0.12338602934786319%
   9월: mafra=32,118,813.4  기존=32,016,800.0  차이=0.31862466267710643%
  10월: mafra=39,594,535.6  기존=39,546,600.0  차이=0.12121285015653535%
  11월: mafra=31,865,652.5  기존=31,325,900.0  차이=1.7230231214426401%
  12월: mafra=31,701,928.8  기존=33,062,900.0  차이=-4.116309195503129%
=== 2023년 소고기(쇠고기) 월별 비교 (kg) ===
   1월: mafra=37,141,841.4  기존=35,649,300.0  차이=4.1867340452687785%
   2월: mafra=34,440,529.6  기존=35,117,800.0  차이=-1.9285673703933723%
   3월: mafra=44,654,751.8  기존=43,632,400.0  차이=2.343102309293077%
   4월: mafra=41,500,954.5  기존=41,615,400.0  차이=-0.2750076870581443%
   5월: mafra=44,587,531.8  기존=44,373,700.0  차이=0.4818884880007843%
   6월: mafra=39,114,807.2  기존=39,076,100.0  차이=0.09905581928597784%
   7월: mafra=36,627,558.1  기존=36,507,600.0  차이=0.32858391129518644%
   8월: mafra=36,115,154.5  기존=37,652,300.0  차이=-4.082474507533391%
   9월: mafra=32,066,190.1  기존=31,500,200.0  차이=1.7967824839207411%
  10월: mafra=39,830,600.7  기존=39,392,400.0  차이=1.1123989906682796%
  11월: mafra=34,422,891.7  기존=34,358,300.0  차이=0.1879943390680035%
  12월: mafra=33,413,024.6  기존=35,049,100.0  차이=-4.667952669255417%
=== 2025년 소고기(쇠고기) 월별 비교 (kg) ===
   1월: mafra=38,776,131.9  기존=34,361,900.0  차이=12.846297381693073%
   2월: mafra=36,999,623.9  기존=36,162,300.0  차이=2.3154609773161563%
   3월: mafra=34,080,195.0  기존=33,555,700.0  차이=1.5630577815393412%
   4월: mafra=40,789,367.6  기존=41,601,000.0  차이=-1.9509925194105957%
   5월: mafra=53,625,388.0  기존=53,023,600.0  차이=1.134943591155642%
   6월: mafra=37,360,945.6  기존=37,878,200.0  차이=-1.3655727832895983%
   7월: mafra=46,462,018.4  기존=46,186,300.0  차이=0.5969702054505244%
   8월: mafra=38,818,430.1  기존=38,060,800.0  차이=1.990578600554903%
   9월: mafra=38,799,674.5  기존=39,707,100.0  차이=-2.2852978056821245%
  10월: mafra=33,847,053.8  기존=33,109,600.0  차이=2.2273110306376456%
  11월: mafra=31,494,639.1  기존=31,489,400.0  차이=0.01663780827835813%
  12월: mafra=42,483,135.9  기존=42,436,100.0  차이=0.11083939146153052%